// Jest Snapshot v1, https://goo.gl/fbAQLP

exports[`Date DOM rendering renders correctly with example props 1`] = `
<p>
  Translated day4 14 Translated month5 17:00
</p>
`;
